✔ Phase2 proposal derives a deterministic unapproved DNO_INDEMNIFICATION partition (2810.214667ms)
✔ Phase4 DNO_INDEMNIFICATION family profile package review returns unapproved proposals without Work3 identities (6586.254875ms)
✔ Work3 DNO_INDEMNIFICATION unapproved inventory review proves validator acceptance without Work3 identity or package approval (4839.63475ms)
✔ Work3 DNO_INDEMNIFICATION Ben inventory session disposition captures Ben-authored file without Work3 identity or package seal (5085.835083ms)
✔ Work3 DNO_INDEMNIFICATION family package seal captures Ben seal without Work3 identity or premature registration (5135.905292ms)
✔ Work3 DNO_INDEMNIFICATION family package registration binds seal receipt without activation (9288.657458ms)
✔ DNO Milestone A inventory packet draft has shape_summary and review_flags for 31 profiles (0.363917ms)
✔ DNO Milestone A ben inventory disposition records 26 APPROVE and 5 HOLD rows (0.180125ms)
✔ DNO Milestone A family profile package on disk validates 31 registered profiles (12971.06425ms)
✔ MAE_DEFINITION family-local facade exports are present (0.864917ms)
✔ Phase2 proposal derives deterministic partition for six calibration terminals (1971.192833ms)
✔ Phase2 partition adds mae_carveout_code for EXCLUSION terminals only (642.810667ms)
✔ Phase2 partition keeps Work1 item-33 signature on Skechers DISPROPORTIONALITY_CARVEBACK (684.930333ms)
✔ Phase2 partition binds Work1 items 34-36 on skywater and topbuild convergence terminals (652.670375ms)
✔ Phase2 convergence merges items 33-36 into one DISPROPORTIONALITY_CARVEBACK profile (2031.1705ms)
✔ Phase2 partition binds Work1 item-47 on topbuild parent MAE terminal (648.883625ms)
✔ Phase2 item-47 profile stays distinct from item-33 convergence profile (2042.388958ms)
✔ Phase2 proposal rejects missing governed sources (705.749417ms)
✔ Work3 Stage B blueprint facade remains unimplemented on first slice (0.139959ms)
✔ Phase4 MAE_DEFINITION family profile package review returns unapproved proposals without Work3 identities (4777.370041ms)
✔ Phase4 package review rejects missing Phase4 authority input (653.354334ms)
✔ MAE Milestone A inventory packet draft has shape_summary and review_flags for 4 profiles (0.257125ms)
✔ MAE Milestone A ben inventory disposition approves all 4 profiles with review_flags acknowledged (0.151833ms)
✔ Work3 MAE_DEFINITION family package seal captures Ben seal without Work3 identity or premature registration (3595.446333ms)
✔ Work3 MAE_DEFINITION family package registration emits in-memory identities when seal permits (7968.594375ms)
✔ MAE Milestone A family profile package on disk validates four registered profiles (7925.531916ms)
✔ Work3 profile source adapter closes the exact additive three in memory (9563.494333ms)
✔ Work3 profile source adapter requires the native additive source set (33.2395ms)
✔ Work3 profile source adapter closes governed samples to exact native M2 text (7316.497333ms)
▶ Work3 profile source adapter rejects additive source drift in fixed order
  ✔ receipt binding (5295.32975ms)
  ✔ receipt bytes (5375.935208ms)
  ✔ member count (5388.019ms)
  ✔ member row order (4907.522458ms)
  ✔ M2 binding (4777.196125ms)
  ✔ M2 bytes (4761.274208ms)
  ✔ M3 binding (4346.906166ms)
  ✔ M3 bytes (4277.355834ms)
  ✔ M4 binding (4629.928958ms)
  ✔ M4 bytes (4664.80025ms)
  ✔ receipt binding precedes member count (4383.011958ms)
  ✔ member row order precedes M2 bytes (4349.066958ms)
✔ Work3 profile source adapter rejects additive source drift in fixed order (57357.079ms)
▶ Work3 profile source adapter closes exact thirty sources and renders no-default gap review
  ✔ cached physical bytes use copy-on-write drift isolation (26.870042ms)
  ✔ M7_V2_PROFILE_SOURCE_OPTIONS (30.409625ms)
  ✔ M7_V2_PROFILE_SOURCE_PACKET_ENVELOPE (29.483458ms)
  ✔ M7_V2_PROFILE_SOURCE_PACKET_BINDING (29.443666ms)
  ✔ M7_V2_PROFILE_SOURCE_PACKET_RECORD (30.500125ms)
  ✔ M7_V2_PROFILE_SOURCE_COUNT (28.6475ms)
  ✔ M7_V2_PROFILE_SOURCE_ENVELOPE (28.36675ms)
  ✔ M7_V2_PROFILE_SOURCE_PATH_ORDER (28.6045ms)
  ✔ M7_V2_PROFILE_SOURCE_BINDING (28.314708ms)
  ✔ M7_V2_PROFILE_SOURCE_RECORD (28.791208ms)
  ✔ SEALED_RULING_MAP_DRIFT_PRECEDES_HISTORICAL_PACK_DRIFT (28.251916ms)
  ✔ SEALED_RULING_MAP_BINDING_DRIFT_PRECEDES_TRANSIENT_DRIFT (27.575041ms)
  ✔ M7_V2_PROFILE_SOURCE_RECORD_PRETTY_BYTE_ORDER (29.227792ms)
  ✔ M7_V2_PROFILE_NATIVE_M2_ENVELOPE (31.480709ms)
  ✔ M7_V2_PROFILE_NATIVE_M2_RECEIPT_BINDING (31.963625ms)
  ✔ M7_V2_PROFILE_NATIVE_M2_RECEIPT_RECORD (30.98675ms)
  ✔ M7_V2_PROFILE_NATIVE_M2_COUNT (30.585ms)
  ✔ M7_V2_PROFILE_NATIVE_M2_PATH_ORDER (29.926291ms)
  ✔ M7_V2_PROFILE_NATIVE_M2_BINDING (30.159209ms)
  ✔ M7_V2_PROFILE_NATIVE_M2_BYTES (32.539167ms)
  ✔ M7_V2_PROFILE_NATIVE_M2_RECORD (126.701583ms)
  ✔ M7_V2_PROFILE_NATIVE_M3_ENVELOPE (879.073375ms)
  ✔ M7_V2_PROFILE_NATIVE_M3_RECEIPT_BINDING (897.309416ms)
  ✔ M7_V2_PROFILE_NATIVE_M3_RECEIPT_RECORD (909.65125ms)
  ✔ M7_V2_PROFILE_NATIVE_M3_SET_BINDING (957.378167ms)
  ✔ M7_V2_PROFILE_NATIVE_M3_SET_RECORD (912.176708ms)
  ✔ M7_V2_PROFILE_NATIVE_M3_COUNT (898.544583ms)
  ✔ M7_V2_PROFILE_NATIVE_M3_PATH_ORDER (894.686083ms)
  ✔ M7_V2_PROFILE_NATIVE_M3_BINDING (900.4625ms)
  ✔ M7_V2_PROFILE_NATIVE_M3_BYTES (921.5525ms)
  ✔ NATIVE_M3_RECEIPT_DRIFT_PRECEDES_MEMBER_ENVELOPE_DRIFT (898.825125ms)
  ✔ NATIVE_M3_COUNT_DRIFT_PRECEDES_MEMBER_ENVELOPE_DRIFT (893.377375ms)
  ✔ M7_V2_PROFILE_NATIVE_M4_ENVELOPE (3974.43825ms)
  ✔ M7_V2_PROFILE_NATIVE_M4_RECEIPT_BINDING (4044.241584ms)
  ✔ M7_V2_PROFILE_NATIVE_M4_RECEIPT_RECORD (3925.539208ms)
  ✔ M7_V2_PROFILE_NATIVE_M4_SET_BINDING (4008.374375ms)
  ✔ M7_V2_PROFILE_NATIVE_M4_SET_RECORD (3929.746208ms)
  ✔ M7_V2_PROFILE_NATIVE_M4_COUNT (3940.507625ms)
  ✔ M7_V2_PROFILE_NATIVE_M4_PATH_ORDER (3855.622958ms)
  ✔ M7_V2_PROFILE_NATIVE_M4_BINDING (3790.660541ms)
  ✔ M7_V2_PROFILE_NATIVE_M4_BYTES (3765.943334ms)
  ✔ NATIVE_M3_DRIFT_PRECEDES_NATIVE_M4_DRIFT (884.091125ms)
  ✔ NATIVE_M4_DRIFT_PRECEDES_TRANSIENT_INPUT_DRIFT (3863.699709ms)
  ✔ NATIVE_M4_RECEIPT_DRIFT_PRECEDES_MEMBER_ENVELOPE_DRIFT (3840.626458ms)
  ✔ NATIVE_M4_COUNT_DRIFT_PRECEDES_MEMBER_ENVELOPE_DRIFT (3861.761333ms)
  ✔ EXISTING_SOURCE_DRIFT_PRECEDES_NATIVE_M2_DRIFT (31.413083ms)
  ✔ NATIVE_M2_DRIFT_PRECEDES_NATIVE_M3_DRIFT (36.237916ms)
  ✔ NATIVE_M3_DRIFT_PRECEDES_TRANSIENT_INPUT_DRIFT (874.388208ms)
  ✔ canonical transitive source key order is not physical identity (6077.641583ms)
✔ Work3 profile source adapter closes exact thirty sources and renders no-default gap review (79884.249417ms)
▶ Work3 profile gap review carries a transient answer in memory without governing it
  ✔ non-section transient answer does not mark an authoring section (6048.981584ms)
  ✔ malformed transient target fails closed (5939.598625ms)
  ✔ one transient target cannot be answered twice (6136.622417ms)
  ✔ governed source drift precedes malformed transient context (30.665458ms)
✔ Work3 profile gap review carries a transient answer in memory without governing it (26065.5545ms)
▶ Work3 review binds transient evidence to sealed and additive M2, M3, and M4 sources without authority
  ✔ malformed request (6026.697792ms)
  ✔ duplicate target and agreement (6110.323375ms)
  ✔ request without exact answer target (6102.445875ms)
  ✔ request outside paired source inventory (6089.529334ms)
  ✔ unknown M2 node (6368.375791ms)
  ✔ unknown M3 scope edge (6221.656959ms)
  ✔ partial M3 scope-edge class (6366.819541ms)
  ✔ unknown M3 reference edge (6252.430916ms)
  ✔ disconnected valid M2 node (6363.225334ms)
✔ Work3 review binds transient evidence to sealed and additive M2, M3, and M4 sources without authority (64402.946292ms)
▶ Phase2 proposal derives a deterministic unapproved Termination partition
  ✔ rejects malformed public input (0.450209ms)
  ✔ rejects authority drift before all later errors (27.3645ms)
  ✔ rejects governed source shape and binding drift as source coverage (177.935708ms)
  ✔ rejects agreement evidence drift as source coverage (1173.694542ms)
✔ Phase2 proposal derives a deterministic unapproved Termination partition (17565.407375ms)
▶ Phase3 reference review candidate preserves unresolved Termination references without Work3 activation
  ✔ rejects malformed exact public input (0.360458ms)
  ✔ rejects Phase3 authority drift before all later errors (4.162333ms)
  ✔ rejects Phase2 authority and proposal drift before sources (29.716416ms)
  ✔ rejects governed source and agreement proof drift (638.673875ms)
✔ Phase3 reference review candidate preserves unresolved Termination references without Work3 activation (18587.731459ms)
▶ Phase3 reference target evidence preserves exact Termination source targets without Work3 materialisation
  ✔ rejects malformed exact public input (0.341875ms)
  ✔ rejects target evidence authority drift before all later errors (5.821458ms)
  ✔ rejects predecessor authority drift before Phase2 and sources (25.2805ms)
  ✔ rejects Phase2 authority drift before governed sources (90.60925ms)
  ✔ rejects governed source and agreement proof drift (666.354875ms)
✔ Phase3 reference target evidence preserves exact Termination source targets without Work3 materialisation (20050.4865ms)
▶ Phase3 reference source normaliser records exact Termination source evidence without target strings
  ✔ rejects malformed exact public input (0.407333ms)
  ✔ rejects source normaliser authority drift before all later errors (4.186ms)
  ✔ rejects predecessor authority drift in exact precedence order (34.149709ms)
  ✔ rejects governed source and agreement proof drift (657.431958ms)
✔ Phase3 reference source normaliser records exact Termination source evidence without target strings (19849.10675ms)
▶ Phase3 reference edge values project six exact Termination section targets without Work3 identity creation
  ✔ rejects malformed exact public input (0.59575ms)
  ✔ rejects reference edge value authority drift before all later errors (2.446417ms)
  ✔ rejects predecessor authority drift in exact precedence order (324.667292ms)
  ✔ rejects governed source and agreement proof drift (712.258ms)
✔ Phase3 reference edge values project six exact Termination section targets without Work3 identity creation (21418.858875ms)
▶ Phase3 linked-rule reference values preserve ten exact Termination notice targets without Work3 materialisation
  ✔ rejects malformed exact public input (0.490583ms)
  ✔ rejects linked-rule authority drift before all later errors (1.141583ms)
  ✔ rejects predecessor authority drift in exact precedence order (54.289334ms)
  ✔ rejects governed source and agreement proof drift (900.388917ms)
✔ Phase3 linked-rule reference values preserve ten exact Termination notice targets without Work3 materialisation (25744.713084ms)
▶ Phase3 raw-M2 reference owner values preserve seven exact Termination source owners without Work3 materialisation
  ✔ rejects malformed exact public input (0.603083ms)
  ✔ rejects raw-M2 authority drift before all later errors (1.284791ms)
  ✔ rejects predecessor authority drift in exact precedence order (312.564292ms)
  ✔ rejects governed source and agreement proof drift (675.625125ms)
✔ Phase3 raw-M2 reference owner values preserve seven exact Termination source owners without Work3 materialisation (24501.706916ms)
▶ Phase3 source-occurrence self-reference values preserve twelve exact Termination source owners without Work3 materialisation
  ✔ rejects malformed exact public input (0.668708ms)
  ✔ rejects self-reference authority drift before all later errors (0.929542ms)
  ✔ rejects predecessor authority drift in exact precedence order (83.584209ms)
  ✔ rejects governed source and agreement proof drift (680.712084ms)
✔ Phase3 source-occurrence self-reference values preserve twelve exact Termination source owners without Work3 materialisation (32585.290625ms)
▶ Phase3 agreement-date source-pair reference value preserves one exact Termination date owner without Work3 materialisation
  ✔ rejects malformed exact public input (0.931ms)
  ✔ rejects agreement-date authority drift before all later errors (1.852209ms)
  ▶ rejects predecessor authority drift in exact precedence order
    ✔ source-occurrence self-reference value (2.596167ms)
    ✔ raw-M2 reference owner value (5.731125ms)
    ✔ linked-rule reference value (10.808416ms)
    ✔ reference edge value (15.157416ms)
    ✔ reference source normaliser (26.768792ms)
    ✔ reference target evidence (22.394542ms)
    ✔ reference review (34.295292ms)
    ✔ Phase2 (35.584208ms)
  ✔ rejects predecessor authority drift in exact precedence order (154.597833ms)
  ✔ rejects governed source and agreement proof drift (5422.491667ms)
✔ Phase3 agreement-date source-pair reference value preserves one exact Termination date owner without Work3 materialisation (35645.806083ms)
▶ Phase3 Company Stockholders Meeting event reference value preserves the approved exact Termination owner without Work3 materialisation
  ✔ rejects malformed exact public input (0.657834ms)
  ✔ rejects meeting-event authority drift before all later errors (1.107541ms)
  ▶ rejects predecessor authority drift in exact precedence order
    ✔ agreement-date source-pair reference value (2.112334ms)
    ✔ source-occurrence self-reference value (4.899709ms)
    ✔ raw-M2 reference owner value (6.214625ms)
    ✔ linked-rule reference value (7.941917ms)
    ✔ reference edge value (14.745417ms)
    ✔ reference source normaliser (13.813958ms)
    ✔ reference target evidence (17.508542ms)
    ✔ reference review (25.956625ms)
    ✔ Phase2 (23.510125ms)
  ✔ rejects predecessor authority drift in exact precedence order (117.301583ms)
  ✔ rejects governed source and approved meeting proof drift (2274.53525ms)
✔ Phase3 Company Stockholders Meeting event reference value preserves the approved exact Termination owner without Work3 materialisation (32420.917667ms)
▶ Phase3 reference value materialisation preserves the 221-slot Termination ledger as 220 consumable values and one private Company Letter gap without package activation
  ✔ rejects exact public input shape before authority drift (0.333834ms)
  ✔ rejects the new authority before frontier drift (0.063208ms)
  ✔ enforces the exact externally mutable dependency precedence (172.623416ms)
✔ Phase3 reference value materialisation preserves the 221-slot Termination ledger as 220 consumable values and one private Company Letter gap without package activation (52470.582042ms)
✔ Phase3 Red Hat Company Letter source-discovery frontier preserves the sole Termination gap without inventing a candidate (4166.229084ms)
▶ Phase4 Termination family profile package review returns 45 unapproved proposals and retains b9e as incomplete source-limited review-only without Work3 identities
  ✔ rejects the outer shape before every deeper fault (1400.023ms)
  ✔ rejects the Phase4 authority before nested input drift (743.819583ms)
  ✔ rejects nested shape before Phase3 candidate failure (1277.60425ms)
  ✔ maps the first internal Phase3 failure to the facade code (840.076875ms)
✔ Phase4 Termination family profile package review returns 45 unapproved proposals and retains b9e as incomplete source-limited review-only without Work3 identities (35731.911041ms)
▶ Phase5 Termination package resolution uses one governed disclosure note to satisfy b9e without a typed fact, target, dependency, absence proof or Work3 identity
  ✔ contract precedence rejects malformed outer and evidence shapes before all lower faults (1285.104875ms)
  ✔ authority precedence rejects the Phase5 authority before ruling and Phase4 faults (834.682458ms)
  ✔ legal ruling precedence rejects capture or ruling drift before Phase4 faults (856.172542ms)
  ✔ Phase4 input precedence rejects caller-supplied note or candidate before predecessor execution (877.886292ms)
  ✔ Phase4 candidate precedence rejects internal predecessor drift before output derivation (2205.928167ms)
✔ Phase5 Termination package resolution uses one governed disclosure note to satisfy b9e without a typed fact, target, dependency, absence proof or Work3 identity (44799.868666ms)
▶ Work3 Termination governed disclosure note Stage A proves prospective schema compatibility without core integration or Work3 identity
  ✔ contract precedence rejects malformed outer and evidence shapes before all lower faults (2671.046125ms)
  ✔ authority precedence rejects the Stage A successor authority before completion and Phase5 faults (2500.946541ms)
  ✔ Phase5 completion precedence rejects receipt drift before Phase5 input faults (1903.020459ms)
  ✔ Phase5 input precedence rejects caller fixtures and candidates before predecessor execution (3783.356583ms)
  ✔ Phase5 candidate precedence rejects internal predecessor drift before prospective output derivation (1101.566875ms)
✔ Work3 Termination governed disclosure note Stage A proves prospective schema compatibility without core integration or Work3 identity (32566.147875ms)
✔ Work3 Termination Stage B builds the 45-profile unapproved blueprint proposal without Work3 identity or core integration (45034.019917ms)
✔ Work3 Termination governed disclosure note core integration proves validator acceptance without Work3 identity or inventory (28604.860334ms)
✔ Work3 Termination unapproved inventory review proves validator acceptance without Work3 identity or package approval (42691.179416ms)
▶ Work3 Termination Ben inventory session disposition captures Ben-authored file without Work3 identity or package seal
  ✔ Ben inventory session disposition rejects caller-produced disposition injection (1349.502583ms)
  ✔ Ben inventory session disposition rejects disposition with packet digest drift (2235.056ms)
✔ Work3 Termination Ben inventory session disposition captures Ben-authored file without Work3 identity or package seal (61574.696375ms)
▶ Work3 Termination family package seal captures Ben seal without Work3 identity or premature registration
  ✔ family package seal rejects caller-produced seal injection (1102.485459ms)
  ✔ family package seal rejects disposition with rulings digest drift (1061.055459ms)
✔ Work3 Termination family package seal captures Ben seal without Work3 identity or premature registration (49549.409458ms)
▶ Work3 Termination family package registration emits Work3 identity without product write or activation
  ✔ family package registration rejects caller-produced registration injection (1764.94325ms)
  ✔ family package registration rejects seal receipt with drifted seal id (47389.552375ms)
✔ Work3 Termination family package registration emits Work3 identity without product write or activation (191762.418125ms)
✔ Termination Milestone A family profile package on disk validates 45 registered profiles (85812.42575ms)
ℹ tests 210
ℹ suites 0
ℹ pass 210
ℹ fail 0
ℹ cancelled 0
ℹ skipped 0
ℹ todo 0
ℹ duration_ms 1168886.168
6803.064541
EXIT:0
EXIT:0
